/internal/hladata/poller_manifests/jd9510.out
/internal/hladata/poller_manifests/jd8f16.out
/internal/hladata/poller_manifests/jd8f01.out
/internal/hladata/poller_manifests/jczgm3.out
/internal/hladata/poller_manifests/jczgm1.out
/internal/hladata/poller_manifests/jclnb5.out
/internal/hladata/poller_manifests/jclm04.out
/internal/hladata/poller_manifests/jch001.out
/internal/hladata/poller_manifests/jccs20.out
/internal/hladata/poller_manifests/jccs03.out
/internal/hladata/poller_manifests/jccs02.out
/internal/hladata/poller_manifests/jccs01.out
/internal/hladata/poller_manifests/jcat24.out
/internal/hladata/poller_manifests/jcat10.out
/internal/hladata/poller_manifests/jcat05.out
/internal/hladata/poller_manifests/jc8x53.out
/internal/hladata/poller_manifests/jbsf01.out
/internal/hladata/poller_manifests/jbpb71.out
/internal/hladata/poller_manifests/jbpb12.out
/internal/hladata/poller_manifests/jbpb11.out
/internal/hladata/poller_manifests/jbpb01.out
/internal/hladata/poller_manifests/jbdz12.out
/internal/hladata/poller_manifests/jbcx01.out
/internal/hladata/poller_manifests/jb7h07.out
/internal/hladata/poller_manifests/jb7h03.out
/internal/hladata/poller_manifests/jb7h02.out
/internal/hladata/poller_manifests/jb4t04.out
/internal/hladata/poller_manifests/jb2i02.out
/internal/hladata/poller_manifests/jb1f85.out
/internal/hladata/poller_manifests/jb1f84.out
/internal/hladata/poller_manifests/jb1f0b.out
/internal/hladata/poller_manifests/j9ty09.out
/internal/hladata/poller_manifests/j9p1bu.out
/internal/hladata/poller_manifests/j9p1b1.out
/internal/hladata/poller_manifests/j9oe01.out
/internal/hladata/poller_manifests/j9nw06.out
/internal/hladata/poller_manifests/j9l929.out
/internal/hladata/poller_manifests/j9l912.out
/internal/hladata/poller_manifests/j9irw5.out
/internal/hladata/poller_manifests/j9irw4.out
/internal/hladata/poller_manifests/j9irw3.out
/internal/hladata/poller_manifests/j9i408.out
/internal/hladata/poller_manifests/j9eo05.out
/internal/hladata/poller_manifests/j9av01.out
/internal/hladata/poller_manifests/j97c22.out
/internal/hladata/poller_manifests/j97c21.out
/internal/hladata/poller_manifests/j97c14.out
/internal/hladata/poller_manifests/j97c13.out
/internal/hladata/poller_manifests/j91jc4.out
/internal/hladata/poller_manifests/j90zp1.out
/internal/hladata/poller_manifests/j8xi0x.out
/internal/hladata/poller_manifests/j8sn20.out
/internal/hladata/poller_manifests/j8ny02.out
/internal/hladata/poller_manifests/j8ny01.out
/internal/hladata/poller_manifests/idx5a2.out
/internal/hladata/poller_manifests/idx502.out
/internal/hladata/poller_manifests/idx205.out
/internal/hladata/poller_manifests/idw103.out
/internal/hladata/poller_manifests/idw101.out
/internal/hladata/poller_manifests/idt002.out
/internal/hladata/poller_manifests/idoq03.out
/internal/hladata/poller_manifests/idnm76.out
/internal/hladata/poller_manifests/idnm1h.out
/internal/hladata/poller_manifests/idnm0n.out
/internal/hladata/poller_manifests/idi160.out
/internal/hladata/poller_manifests/idho60.out
/internal/hladata/poller_manifests/idhb10.out
/internal/hladata/poller_manifests/idda01.out
/internal/hladata/poller_manifests/id8065.out
/internal/hladata/poller_manifests/id8064.out
/internal/hladata/poller_manifests/id7319.out
/internal/hladata/poller_manifests/id7307.out
/internal/hladata/poller_manifests/icx104.out
/internal/hladata/poller_manifests/icwz22.out
/internal/hladata/poller_manifests/icw811.out
/internal/hladata/poller_manifests/icu504.out
/internal/hladata/poller_manifests/ictj65.out
/internal/hladata/poller_manifests/ictj64.out
/internal/hladata/poller_manifests/icrr01.out
/internal/hladata/poller_manifests/icnw34.out
/internal/hladata/poller_manifests/ick908.out
/internal/hladata/poller_manifests/ick906.out
/internal/hladata/poller_manifests/ick904.out
/internal/hladata/poller_manifests/ick902.out
/internal/hladata/poller_manifests/icde25.out
/internal/hladata/poller_manifests/iccs20.out
/internal/hladata/poller_manifests/iccs03.out
/internal/hladata/poller_manifests/iccs02.out
/internal/hladata/poller_manifests/iccs01.out
/internal/hladata/poller_manifests/ica9t8.out
/internal/hladata/poller_manifests/ica9t3.out
/internal/hladata/poller_manifests/ic8n01.out
/internal/hladata/poller_manifests/ibya11.out
/internal/hladata/poller_manifests/iby07b.out
/internal/hladata/poller_manifests/ibxl04.out
/internal/hladata/poller_manifests/ibwb01.out
/internal/hladata/poller_manifests/ibsf01.out
/internal/hladata/poller_manifests/ibpb71.out
/internal/hladata/poller_manifests/ibpb12.out
/internal/hladata/poller_manifests/ibpb11.out
/internal/hladata/poller_manifests/ibpb01.out
/internal/hladata/poller_manifests/iboa91.out
/internal/hladata/poller_manifests/ibnh02.out
/internal/hladata/poller_manifests/ibeuit.out
/internal/hladata/poller_manifests/ibc303.out
/internal/hladata/poller_manifests/ibbr01.out
/internal/hladata/poller_manifests/ib6wd6.out
/internal/hladata/poller_manifests/ib6w63.out
/internal/hladata/poller_manifests/ib6w62.out
/internal/hladata/poller_manifests/ib6w61.out
/internal/hladata/poller_manifests/ib5w02.out
/internal/hladata/poller_manifests/ib4106.out
/internal/hladata/poller_manifests/ib4103.out
/internal/hladata/poller_manifests/ib3m53.out
/internal/hladata/poller_manifests/ib2k02.out
/internal/hladata/poller_manifests/ib1f85.out
/internal/hladata/poller_manifests/ib1f84.out
/internal/hladata/poller_manifests/ib1f0b.out
/internal/hladata/poller_manifests/ib1f0a.out
/internal/hladata/poller_manifests/iaao01.out
/internal/hladata/poller_manifests/ia1s70.out
